21:57:41.130 [main] INFO  o.s.t.c.s.AnnotationConfigContextLoaderUtils - Could not detect default configuration classes for test class [com.jpa.cache.RedisMySQLCacheLearning.RedisMySqlCacheLearningApplicationTests]: RedisMySqlCacheLearningApplicationTests does not declare any static, non-private, non-final, nested classes annotated with @Configuration.
21:57:41.487 [main] INFO  o.s.b.t.c.SpringBootTestContextBootstrapper - Found @SpringBootConfiguration com.jpa.cache.RedisMySQLCacheLearning.RedisMySqlCacheLearningApplication for test class com.jpa.cache.RedisMySQLCacheLearning.RedisMySqlCacheLearningApplicationTests
21:57:43.041 [background-preinit] INFO  o.h.validator.internal.util.Version - HV000001: Hibernate Validator 8.0.3.Final
21:57:43.132 [main] INFO  c.j.c.R.RedisMySqlCacheLearningApplicationTests - Starting RedisMySqlCacheLearningApplicationTests using Java 17.0.12 with PID 11316 (started by Lenovo in C:\Users\Lenovo\Jeeva R\Learning\RedisMySQLCacheLearning)
21:57:43.134 [main] DEBUG c.j.c.R.RedisMySqlCacheLearningApplicationTests - Running with Spring Boot v3.5.6, Spring v6.2.11
21:57:43.135 [main] INFO  c.j.c.R.RedisMySqlCacheLearningApplicationTests - No active profile set, falling back to 1 default profile: "default"
21:57:45.524 [main] INFO  o.s.d.r.c.RepositoryConfigurationDelegate - Multiple Spring Data modules found, entering strict repository configuration mode
21:57:45.530 [main] INFO  o.s.d.r.c.RepositoryConfigurationDelegate - Bootstrapping Spring Data JPA repositories in DEFAULT mode.
21:57:45.918 [main] INFO  o.s.d.r.c.RepositoryConfigurationDelegate - Finished Spring Data repository scanning in 357 ms. Found 2 JPA repository interfaces.
21:57:45.957 [main] INFO  o.s.d.r.c.RepositoryConfigurationDelegate - Multiple Spring Data modules found, entering strict repository configuration mode
21:57:45.960 [main] INFO  o.s.d.r.c.RepositoryConfigurationDelegate - Bootstrapping Spring Data Redis repositories in DEFAULT mode.
21:57:46.014 [main] INFO  o.s.d.r.c.RepositoryConfigurationExtensionSupport - Spring Data Redis - Could not safely identify store assignment for repository candidate interface com.jpa.cache.RedisMySQLCacheLearning.repo.MovieRepo; If you want this repository to be a Redis repository, consider annotating your entities with one of these annotations: org.springframework.data.redis.core.RedisHash (preferred), or consider extending one of the following types with your repository: org.springframework.data.keyvalue.repository.KeyValueRepository
21:57:46.016 [main] INFO  o.s.d.r.c.RepositoryConfigurationExtensionSupport - Spring Data Redis - Could not safely identify store assignment for repository candidate interface com.jpa.cache.RedisMySQLCacheLearning.repo.NoteRepo; If you want this repository to be a Redis repository, consider annotating your entities with one of these annotations: org.springframework.data.redis.core.RedisHash (preferred), or consider extending one of the following types with your repository: org.springframework.data.keyvalue.repository.KeyValueRepository
21:57:46.017 [main] INFO  o.s.d.r.c.RepositoryConfigurationDelegate - Finished Spring Data repository scanning in 19 ms. Found 0 Redis repository interfaces.
21:57:48.430 [main] INFO  o.h.jpa.internal.util.LogHelper - HHH000204: Processing PersistenceUnitInfo [name: default]
21:57:48.621 [main] INFO  org.hibernate.Version - HHH000412: Hibernate ORM core version 6.6.29.Final
21:57:48.732 [main] INFO  o.h.c.i.RegionFactoryInitiator - HHH000026: Second-level cache disabled
21:57:49.967 [main] INFO  o.s.o.j.p.SpringPersistenceUnitInfo - No LoadTimeWeaver setup: ignoring JPA class transformer
21:57:50.094 [main] INFO  com.zaxxer.hikari.HikariDataSource - HikariPool-1 - Starting...
21:57:51.101 [main] INFO  com.zaxxer.hikari.pool.HikariPool - HikariPool-1 - Added connection com.mysql.cj.jdbc.ConnectionImpl@4b762988
21:57:51.105 [main] INFO  com.zaxxer.hikari.HikariDataSource - HikariPool-1 - Start completed.
21:57:51.274 [main] WARN  org.hibernate.orm.deprecation - HHH90000025: MySQLDialect does not need to be specified explicitly using 'hibernate.dialect' (remove the property setting and it will be selected by default)
21:57:51.354 [main] INFO  o.hibernate.orm.connections.pooling - HHH10001005: Database info:
	Database JDBC URL [Connecting through datasource 'HikariDataSource (HikariPool-1)']
	Database driver: undefined/unknown
	Database version: 8.0.43
	Autocommit mode: undefined/unknown
	Isolation level: undefined/unknown
	Minimum pool size: undefined/unknown
	Maximum pool size: undefined/unknown
21:57:54.316 [main] INFO  o.h.e.t.j.p.i.JtaPlatformInitiator - HHH000489: No JTA platform available (set 'hibernate.transaction.jta.platform' to enable JTA platform integration)
21:57:54.472 [main] INFO  o.s.o.j.LocalContainerEntityManagerFactoryBean - Initialized JPA EntityManagerFactory for persistence unit 'default'
21:57:56.049 [main] WARN  o.s.b.a.o.j.JpaBaseConfiguration$JpaWebConfiguration - spring.jpa.open-in-view is enabled by default. Therefore, database queries may be performed during view rendering. Explicitly configure spring.jpa.open-in-view to disable this warning
21:57:57.935 [main] INFO  c.j.c.R.RedisMySqlCacheLearningApplicationTests - Started RedisMySqlCacheLearningApplicationTests in 15.522 seconds (process running for 19.531)
21:57:58.944 [SpringApplicationShutdownHook] INFO  o.s.o.j.LocalContainerEntityManagerFactoryBean - Closing JPA EntityManagerFactory for persistence unit 'default'
21:57:58.949 [SpringApplicationShutdownHook] INFO  com.zaxxer.hikari.HikariDataSource - HikariPool-1 - Shutdown initiated...
21:57:58.969 [SpringApplicationShutdownHook] INFO  com.zaxxer.hikari.HikariDataSource - HikariPool-1 - Shutdown completed.
